---
source: minijinja/tests/test_templates.rs
description: "<ul>\n{% for a, b in seq %}\n  <li>{{ a }}: {{ b }}\n{% endfor %}\n</ul>"
info:
  seq:
    - - 1
      - 2
      - 3
    - - 2
      - 3
      - 4
    - - 3
      - 4
      - 5
input_file: minijinja/tests/inputs/loop_bad_unpacking_wrong_len.txt
---
!!!ERROR!!!

Error {
    kind: ImpossibleOperation,
    detail: "cannot unpack: sequence of wrong length (expected 2, got 3)",
    name: "loop_bad_unpacking_wrong_len.txt",
    line: 2,
}


