---
source: minijinja/tests/test_templates.rs
description: "{% for item in seq %}\n  {{ item }} ({{ loop.index }} of {{ loop.length }})\n    first={{ loop.first }}\n    last={{ loop.last }}\n    revindex={{ loop.revindex }}\n    revindex0={{ loop.revindex0 }}\n    cycle={{ loop.cycle(\"odd\", \"even\") }}\n{% endfor %}"
info:
  seq:
    - a
    - b
    - c
    - d
input_file: minijinja/tests/inputs/loop_var.txt
---

  a (1 of 4)
    first=true
    last=false
    revindex=4
    revindex0=3
    cycle=odd

  b (2 of 4)
    first=false
    last=false
    revindex=3
    revindex0=2
    cycle=even

  c (3 of 4)
    first=false
    last=false
    revindex=2
    revindex0=1
    cycle=odd

  d (4 of 4)
    first=false
    last=true
    revindex=1
    revindex0=0
    cycle=even


