---
source: minijinja/tests/test_templates.rs
expression: "&rendered"
input_file: minijinja/tests/inputs/adding.txt
---
Strings:
toWorldyou!
toyou!

Adding:
3

Minus:
3

Divide:
50.0

