---
source: minijinja/tests/test_templates.rs
description: "Before\n{% include [\"missing_template1.txt\", \"missing_template2.txt\"] %}\nAfter"
info: {}
input_file: minijinja/tests/inputs/include_choice_none.txt
---
!!!ERROR!!!

Error { kind: TemplateNotFound, detail: Some("tried to include one of multiple templates, none of which existed [\"missing_template1.txt\", \"missing_template2.txt\"]"), name: Some("include_choice_none.txt"), lineno: 2, source: None }


