---
source: minijinja/tests/test_templates.rs
expression: "&rendered"
input_file: minijinja/tests/inputs/with.txt
---

  42|23|11



  1|2|3



x is 2

  1|2|3
  
  x with is 1


x is still 2

