---
source: minijinja/tests/test_templates.rs
expression: "&rendered"
input_file: minijinja/tests/inputs/do.txt
---
nothing 
nothing 
nothing 

nothing 

