---
source: minijinja/tests/test_parser.rs
description: "{% block foo %}\n    here\n{% endblock bar %}"
input_file: minijinja/tests/parser-inputs/err_wrong_block_name.txt
---
Err(
    Error {
        kind: SyntaxError,
        detail: Some(
            "mismatching name on block. Got `bar`, expected `foo`",
        ),
        name: Some(
            "err_wrong_block_name.txt",
        ),
        lineno: 3,
        source: None,
    },
)
