---
source: minijinja/tests/test_templates.rs
expression: "&rendered"
input_file: minijinja/tests/inputs/macro_parameters_call.txt
---


    world is the word of the day


