---
source: minijinja/tests/test_templates.rs
description: "{{ undefined_value.attr }}"
info: {}
input_file: minijinja/tests/inputs/err_undefined_attr.txt
---
!!!ERROR!!!

Error {
    kind: UndefinedError,
    name: "err_undefined_attr.txt",
    line: 1,
}


