---
source: minijinja/tests/test_parser.rs
description: "Hello {{ world"
input_file: minijinja/tests/parser-inputs/err_open_variable_block.txt
---
Err(
    Error {
        kind: SyntaxError,
        detail: Some(
            "unexpected end of input, expected end of variable block",
        ),
        name: Some(
            "err_open_variable_block.txt",
        ),
        lineno: 1,
        source: None,
    },
)
