---
source: minijinja/tests/test_templates.rs
description: "<ul>\n{% for a, b in seq %}\n  <li>{{ a }}: {{ b }}\n{% endfor %}\n</ul>"
info:
  seq:
    - 1
    - 2
    - 3
input_file: minijinja/tests/inputs/loop_bad_unpacking.txt
---
!!!ERROR!!!

Error { kind: ImpossibleOperation, detail: Some("cannot unpack: not a sequence"), name: Some("loop_bad_unpacking.txt"), lineno: 2, source: Some(Error { kind: ImpossibleOperation, detail: Some("value is not a list"), name: None, lineno: 0, source: None }) }


