---
source: minijinja/tests/test_parser.rs
expression: "&ast"
input_file: minijinja/tests/parser-inputs/do.txt
---
Ok(
    Template {
        children: [
            Do {
                target: Const {
                    value: false,
                } @ 1:6-1:11,
            } @ 1:3-1:11,
        ],
    } @ 0:0-1:14,
)
