---
source: minijinja/tests/test_templates.rs
expression: "&rendered"
input_file: minijinja/tests/inputs/escape.txt
---
'foo
'hello'
'hello'
'hello'

hello world
hello
world

